// Jest Snapshot v1, https://goo.gl/fbAQLP

exports[`Footer Component matches the snapshot 1`] = `
<DocumentFragment>
  <footer
    class="footer"
  >
    <hr />
    <div
      class="footer-container"
    >
      <div
        class="footer-section"
      >
        <h3>
          About Event planner
        </h3>
        <p>
          Your one-stop platform to explore events in various fields.
        </p>
      </div>
      <div
        class="footer-section"
      >
        <h3>
          Quick Links
        </h3>
        <ul>
          <li>
            <a
              href="/"
            >
              Home
            </a>
          </li>
          <li>
            <a
              href="/about"
            >
              About
            </a>
          </li>
        </ul>
      </div>
      <div
        class="footer-section"
      >
        <h3>
          Follow Us
        </h3>
        <ul
          class="social-links"
        >
          <li>
            <a
              href="#"
            >
              Facebook
            </a>
          </li>
          <li>
            <a
              href="#"
            >
              Twitter
            </a>
          </li>
          <li>
            <a
              href="#"
            >
              LinkedIn
            </a>
          </li>
        </ul>
      </div>
    </div>
    <div
      class="footer-bottom"
    >
      <p>
        Â© 2024 Event Planner. All Rights Reserved.
      </p>
    </div>
  </footer>
</DocumentFragment>
`;

exports[`SwitchSelector Component matches the snapshot 1`] = `
<DocumentFragment>
  <div
    class="switch-container"
  >
    <span
      class="label"
    >
      Light
    </span>
    <div
      class="switch "
    >
      <div
        class="slider"
      />
    </div>
    <span
      class="label"
    >
      Dark
    </span>
  </div>
</DocumentFragment>
`;
